


 Plot Evaluated Data from the ENDF/B Format (EVALPLOT 2012-1)
 ------------------------------------------------------------------------
 Description of Plotter and Plots per Frame
 ------------------------------------------------------------------------
 X Dimensions (X-Min to X-Max)-----------------     0.0000 to     12.5000
 Y Dimensions (Y-Min to Y-Max)-----------------     0.0100 to     10.0000
 Layout of Plots per Frame (X by Y)------------          1 by           1
 Character Size Multiplier---------------------       1.50
 ------------------------------------------------------------------------
 ENDF/B Data Filename
------------------------------------------------------------------------
 ../ENDFdata/TENDL2013data/tal2013-n/gxs-709/Cr052g.asc                  
 ------------------------------------------------------------------------
 ------------------------------------------------------------------------
 Input Parameters
 ------------------------------------------------------------------------
 Retrieval Criteria----------------------------        MAT
 Grid Type-------------------------------------Tick Marks      
 Should Border be Plotted on Each Plot---------         No
 Line Thickness--------------------------------          0
 Cross Section Temperature on Plots------------        Yes
 Mimimum Ratio of Y Min to Max Range of Plot--- 1.00000-12
 On Screen Background Color--------------------White
 ------------------------------------------------------------------------
 Request Ranges
 ------------------------------------------------------------------------
         Mimimum                      Maximum          
    MAT MF  MT Energy-eV         MAT MF  MT Energy-eV    Type
 ------------------------------------------------------------------------
      1  3   1 0.00000+ 0       9999  3 999 2.00000+ 8      0
      1 10   1 0.00000+ 0       9999 10   4 3.00000+ 7      0
      1 10   5 0.00000+ 0       9999 10   5 2.00000+ 8      0
      1 10   6 0.00000+ 0       9999 10 999 3.00000+ 7      0
 ------------------------------------------------------------------------
 Tape Label
 ------------------------------------------------------------------------
  TENDL-2013 gen. purp. file: neutron  + Cr- 52  1.e-5 eV - 200 MeV  99
 ------------------------------------------------------------------------
 Plot Report
 ------------------------------------------------------------------------
                    Tables by MF                 Plots by MF
 ------------------------------------------------------------------------
 Material    MAT   3   4   5  10  15  23  27*   3   4   5  10  15  23  27
 ------------------------------------------------------------------------
